// Jest Snapshot v1, https://goo.gl/fbAQLP

exports[`renders learn react link 1`] = `
<Provider
  store={
    Object {
      "clearActions": [Function],
      "dispatch": [Function],
      "getActions": [Function],
      "getState": [Function],
      "replaceReducer": [Function],
      "subscribe": [Function],
    }
  }
>
  <BrowserRouter>
    <Router
      location={
        Object {
          "hash": "",
          "key": "default",
          "pathname": "/",
          "search": "",
          "state": null,
        }
      }
      navigationType="POP"
      navigator={
        Object {
          "action": "POP",
          "createHref": [Function],
          "createURL": [Function],
          "encodeLocation": [Function],
          "go": [Function],
          "listen": [Function],
          "location": Object {
            "hash": "",
            "key": "default",
            "pathname": "/",
            "search": "",
            "state": null,
          },
          "push": [Function],
          "replace": [Function],
        }
      }
    >
      <App>
        <Suspense
          fallback={<Spinner />}
        >
          <Spinner>
            <styled.div>
              <div
                className="sc-beqWaB calAUi"
              >
                <styled.div>
                  <div
                    className="sc-gueYoa jQLknU"
                  />
                </styled.div>
              </div>
            </styled.div>
          </Spinner>
        </Suspense>
      </App>
    </Router>
  </BrowserRouter>
</Provider>
`;
